// Jest Snapshot v1, https://goo.gl/fbAQLP

exports[`Loader Component should render Loader component 1`] = `
<View
  style={
    Array [
      Object {
        "alignSelf": "center",
        "flexBasis": 0,
        "flexDirection": "column",
        "flexGrow": 1,
        "flexShrink": 1,
      },
    ]
  }
>
  <ActivityIndicator
    animating={true}
    color="#999999"
    hidesWhenStopped={true}
    size={36}
  />
</View>
`;
